// Jest Snapshot v1, https://goo.gl/fbAQLP

exports[`Spin[Base] should render correctly  1`] = `
<div
  style="width: 20px;"
>
  <div
    class="cbcnis8"
    style="width: 40px; height: 40px;"
  >
    <div
      class="chx94ts"
    >
      <svg
        viewBox="0 0 100 100"
      >
        <circle
          cx="50"
          cy="50"
          r="50"
        />
      </svg>
    </div>
    <div
      class="chx94ts"
    >
      <svg
        viewBox="0 0 100 100"
      >
        <circle
          cx="50"
          cy="50"
          r="50"
        />
      </svg>
    </div>
  </div>
</div>
`;

exports[`Spin[Base] should render correctly  2`] = `
<div
  style="width: 100%; overflow: auto;"
>
  <div
    style="display: flex; flex-wrap: nowrap; gap: 65px; margin-bottom: 32px;"
  >
    <div
      style="width: 16%;"
    >
      <div
        class="c6so62k c-pu2anh"
      >
        <div
          class="cbcnis8"
          style="width: 16px; height: 16px;"
        >
          <div
            class="chx94ts"
          >
            <svg
              viewBox="0 0 100 100"
            >
              <circle
                cx="50"
                cy="50"
                r="50"
              />
            </svg>
          </div>
          <div
            class="chx94ts"
          >
            <svg
              viewBox="0 0 100 100"
            >
              <circle
                cx="50"
                cy="50"
                r="50"
              />
            </svg>
          </div>
        </div>
        <div
          class="c7ga732"
        >
          <span
            style="font-size: 12px; line-height: 20px; display: inline-block;"
          >
            chasing-dots
          </span>
        </div>
      </div>
    </div>
    <div
      style="width: 16%;"
    >
      <div
        class="c6so62k c-pu2anh"
      >
        <div
          class="c8pf96g"
          style="width: 16px; height: 16px;"
        >
          <div
            class="chx94ts"
          />
          <div
            class="chx94ts"
          />
          <div
            class="chx94ts"
          />
          <div
            class="chx94ts"
          />
          <div
            class="chx94ts"
          />
          <div
            class="chx94ts"
          />
          <div
            class="chx94ts"
          />
          <div
            class="chx94ts"
          />
          <div
            class="chx94ts"
          />
        </div>
        <div
          class="c7ga732"
        >
          <span
            style="font-size: 12px; line-height: 20px; display: inline-block;"
          >
            cube-grid
          </span>
        </div>
      </div>
    </div>
    <div
      style="width: 16%;"
    >
      <div
        class="c6so62k c-pu2anh"
      >
        <div
          class="ctglweu"
          style="width: 16px; height: 16px;"
        >
          <div
            class="chx94ts"
          />
          <div
            class="chx94ts"
          />
        </div>
        <div
          class="c7ga732"
        >
          <span
            style="font-size: 12px; line-height: 20px; display: inline-block;"
          >
            double-bounce
          </span>
        </div>
      </div>
    </div>
    <div
      style="width: 16%;"
    >
      <div
        class="c6so62k c-pu2anh"
      >
        <div
          class="cs0p69y"
          style="width: 16px; height: 16px;"
        >
          <div
            class="chx94ts chx6tqx"
          >
            <svg
              height="2.286px"
              viewBox="0 0 100 100"
              width="2.286px"
            >
              <circle
                cx="50"
                cy="50"
                r="50"
              />
            </svg>
          </div>
          <div
            class="chx94ts chx6tqx"
          >
            <svg
              height="2.286px"
              viewBox="0 0 100 100"
              width="2.286px"
            >
              <circle
                cx="50"
                cy="50"
                r="50"
              />
            </svg>
          </div>
          <div
            class="chx94ts chx6tqx"
          >
            <svg
              height="2.286px"
              viewBox="0 0 100 100"
              width="2.286px"
            >
              <circle
                cx="50"
                cy="50"
                r="50"
              />
            </svg>
          </div>
          <div
            class="chx94ts chx6tqx"
          >
            <svg
              height="2.286px"
              viewBox="0 0 100 100"
              width="2.286px"
            >
              <circle
                cx="50"
                cy="50"
                r="50"
              />
            </svg>
          </div>
          <div
            class="chx94ts chx6tqx"
          >
            <svg
              height="2.286px"
              viewBox="0 0 100 100"
              width="2.286px"
            >
              <circle
                cx="50"
                cy="50"
                r="50"
              />
            </svg>
          </div>
          <div
            class="chx94ts chx6tqx"
          >
            <svg
              height="2.286px"
              viewBox="0 0 100 100"
              width="2.286px"
            >
              <circle
                cx="50"
                cy="50"
                r="50"
              />
            </svg>
          </div>
          <div
            class="chx94ts chx6tqx"
          >
            <svg
              height="2.286px"
              viewBox="0 0 100 100"
              width="2.286px"
            >
              <circle
                cx="50"
                cy="50"
                r="50"
              />
            </svg>
          </div>
          <div
            class="chx94ts chx6tqx"
          >
            <svg
              height="2.286px"
              viewBox="0 0 100 100"
              width="2.286px"
            >
              <circle
                cx="50"
                cy="50"
                r="50"
              />
            </svg>
          </div>
          <div
            class="chx94ts chx6tqx"
          >
            <svg
              height="2.286px"
              viewBox="0 0 100 100"
              width="2.286px"
            >
              <circle
                cx="50"
                cy="50"
                r="50"
              />
            </svg>
          </div>
          <div
            class="chx94ts chx6tqx"
          >
            <svg
              height="2.286px"
              viewBox="0 0 100 100"
              width="2.286px"
            >
              <circle
                cx="50"
                cy="50"
                r="50"
              />
            </svg>
          </div>
          <div
            class="chx94ts chx6tqx"
          >
            <svg
              height="2.286px"
              viewBox="0 0 100 100"
              width="2.286px"
            >
              <circle
                cx="50"
                cy="50"
                r="50"
              />
            </svg>
          </div>
          <div
            class="chx94ts chx6tqx"
          >
            <svg
              height="2.286px"
              viewBox="0 0 100 100"
              width="2.286px"
            >
              <circle
                cx="50"
                cy="50"
                r="50"
              />
            </svg>
          </div>
        </div>
        <div
          class="c7ga732"
        >
          <span
            style="font-size: 12px; line-height: 20px; display: inline-block;"
          >
            fading-circle
          </span>
        </div>
      </div>
    </div>
    <div
      style="width: 16%;"
    >
      <div
        class="c6so62k c-pu2anh"
      >
        <div
          class="cgav5bh"
          style="width: 16px; height: 16px;"
        >
          <div
            class="chx94ts"
          >
            <svg
              viewBox="0 0 100 100"
            >
              <circle
                cx="50"
                cy="50"
                r="50"
              />
            </svg>
          </div>
          <div
            class="chx94ts"
          >
            <svg
              viewBox="0 0 100 100"
            >
              <circle
                cx="50"
                cy="50"
                r="50"
              />
            </svg>
          </div>
          <div
            class="chx94ts"
          >
            <svg
              viewBox="0 0 100 100"
            >
              <circle
                cx="50"
                cy="50"
                r="50"
              />
            </svg>
          </div>
          <div
            class="chx94ts"
          >
            <svg
              viewBox="0 0 100 100"
            >
              <circle
                cx="50"
                cy="50"
                r="50"
              />
            </svg>
          </div>
        </div>
        <div
          class="c7ga732"
        >
          <span
            style="font-size: 12px; line-height: 20px; display: inline-block;"
          >
            four-dots
          </span>
        </div>
      </div>
    </div>
    <div
      style="width: 16%;"
    >
      <div
        class="c6so62k c-pu2anh"
      >
        <div
          class="c-cibwrl"
          style="width: 16px; height: 16px;"
        />
        <div
          class="c7ga732"
        >
          <span
            style="font-size: 12px; line-height: 20px; display: inline-block;"
          >
            plane
          </span>
        </div>
      </div>
    </div>
  </div>
  <div
    style="display: flex; flex-wrap: nowrap; gap: 65px;"
  >
    <div
      style="width: 16%;"
    >
      <div
        class="c6so62k c-pu2anh"
      >
        <div
          class="c-ci5xlw"
          style="width: 16px; height: 16px;"
        />
        <div
          class="c7ga732"
        >
          <span
            style="font-size: 12px; line-height: 20px; display: inline-block;"
          >
            pulse
          </span>
        </div>
      </div>
    </div>
    <div
      style="width: 16%;"
    >
      <div
        class="c6so62k c-pu2anh"
      >
        <div
          class="chxenrh"
          style="width: 16px; height: 16px; border-width: 1.6px; font-size: 1.6px;"
        />
        <div
          class="c7ga732"
        >
          <span
            style="font-size: 12px; line-height: 20px; display: inline-block;"
          >
            ring
          </span>
        </div>
      </div>
    </div>
    <div
      style="width: 16%;"
    >
      <div
        class="c6so62k c-pu2anh"
      >
        <div
          class="cs0p69y"
          style="width: 16px; height: 16px;"
        >
          <div
            class="chx94ts c-icy1z7"
          >
            <svg
              height="2.286px"
              viewBox="0 0 100 100"
              width="2.286px"
            >
              <circle
                cx="50"
                cy="50"
                r="50"
              />
            </svg>
          </div>
          <div
            class="chx94ts c-icy1z7"
          >
            <svg
              height="2.286px"
              viewBox="0 0 100 100"
              width="2.286px"
            >
              <circle
                cx="50"
                cy="50"
                r="50"
              />
            </svg>
          </div>
          <div
            class="chx94ts c-icy1z7"
          >
            <svg
              height="2.286px"
              viewBox="0 0 100 100"
              width="2.286px"
            >
              <circle
                cx="50"
                cy="50"
                r="50"
              />
            </svg>
          </div>
          <div
            class="chx94ts c-icy1z7"
          >
            <svg
              height="2.286px"
              viewBox="0 0 100 100"
              width="2.286px"
            >
              <circle
                cx="50"
                cy="50"
                r="50"
              />
            </svg>
          </div>
          <div
            class="chx94ts c-icy1z7"
          >
            <svg
              height="2.286px"
              viewBox="0 0 100 100"
              width="2.286px"
            >
              <circle
                cx="50"
                cy="50"
                r="50"
              />
            </svg>
          </div>
          <div
            class="chx94ts c-icy1z7"
          >
            <svg
              height="2.286px"
              viewBox="0 0 100 100"
              width="2.286px"
            >
              <circle
                cx="50"
                cy="50"
                r="50"
              />
            </svg>
          </div>
          <div
            class="chx94ts c-icy1z7"
          >
            <svg
              height="2.286px"
              viewBox="0 0 100 100"
              width="2.286px"
            >
              <circle
                cx="50"
                cy="50"
                r="50"
              />
            </svg>
          </div>
          <div
            class="chx94ts c-icy1z7"
          >
            <svg
              height="2.286px"
              viewBox="0 0 100 100"
              width="2.286px"
            >
              <circle
                cx="50"
                cy="50"
                r="50"
              />
            </svg>
          </div>
          <div
            class="chx94ts c-icy1z7"
          >
            <svg
              height="2.286px"
              viewBox="0 0 100 100"
              width="2.286px"
            >
              <circle
                cx="50"
                cy="50"
                r="50"
              />
            </svg>
          </div>
          <div
            class="chx94ts c-icy1z7"
          >
            <svg
              height="2.286px"
              viewBox="0 0 100 100"
              width="2.286px"
            >
              <circle
                cx="50"
                cy="50"
                r="50"
              />
            </svg>
          </div>
          <div
            class="chx94ts c-icy1z7"
          >
            <svg
              height="2.286px"
              viewBox="0 0 100 100"
              width="2.286px"
            >
              <circle
                cx="50"
                cy="50"
                r="50"
              />
            </svg>
          </div>
          <div
            class="chx94ts c-icy1z7"
          >
            <svg
              height="2.286px"
              viewBox="0 0 100 100"
              width="2.286px"
            >
              <circle
                cx="50"
                cy="50"
                r="50"
              />
            </svg>
          </div>
        </div>
        <div
          class="c7ga732"
        >
          <span
            style="font-size: 12px; line-height: 20px; display: inline-block;"
          >
            scale-circle
          </span>
        </div>
      </div>
    </div>
    <div
      style="width: 16%;"
    >
      <div
        class="c6so62k c-pu2anh"
      >
        <div
          class="c6pheh5"
          style="width: 32px; height: auto;"
        >
          <div
            class="chx94ts"
          >
            <svg
              height="8px"
              viewBox="0 0 100 100"
              width="8px"
            >
              <circle
                cx="50"
                cy="50"
                r="50"
              />
            </svg>
          </div>
          <div
            class="chx94ts"
          >
            <svg
              height="8px"
              viewBox="0 0 100 100"
              width="8px"
            >
              <circle
                cx="50"
                cy="50"
                r="50"
              />
            </svg>
          </div>
          <div
            class="chx94ts"
          >
            <svg
              height="8px"
              viewBox="0 0 100 100"
              width="8px"
            >
              <circle
                cx="50"
                cy="50"
                r="50"
              />
            </svg>
          </div>
        </div>
        <div
          class="c7ga732"
        >
          <span
            style="font-size: 12px; line-height: 20px; display: inline-block;"
          >
            three-bounce
          </span>
        </div>
      </div>
    </div>
    <div
      style="width: 16%;"
    >
      <div
        class="c6so62k c-pu2anh"
      >
        <div
          class="chxhoye"
          style="width: 16px; height: 16px;"
        >
          <div
            class="chx94ts"
            style="width: 2px; margin-right: 1px;"
          />
          <div
            class="chx94ts"
            style="width: 2px; margin-right: 1px;"
          />
          <div
            class="chx94ts"
            style="width: 2px; margin-right: 1px;"
          />
          <div
            class="chx94ts"
            style="width: 2px; margin-right: 1px;"
          />
          <div
            class="chx94ts"
            style="width: 2px; margin-right: 1px;"
          />
        </div>
        <div
          class="c7ga732"
        >
          <span
            style="font-size: 12px; line-height: 20px; display: inline-block;"
          >
            wave
          </span>
        </div>
      </div>
    </div>
    <div
      style="width: 16%;"
    >
      <div
        class="c6so62k c-pu2anh"
      >
        <div
          class="cbcwbzy"
          style="width: 16px; height: 16px;"
        >
          <div
            class="chx94ts"
            style="background-color: transparent; border-width: 1.6px;"
          />
          <div
            class="chx94ts"
            style="background-color: transparent; border-width: 1.6px;"
          />
          <div
            class="chx94ts"
            style="background-color: transparent; border-width: 1.6px;"
          />
          <div
            class="chx94ts"
            style="background-color: transparent; border-width: 1.6px;"
          />
        </div>
        <div
          class="c7ga732"
        >
          <span
            style="font-size: 12px; line-height: 20px; display: inline-block;"
          >
            chasing-ring
          </span>
        </div>
      </div>
    </div>
  </div>
</div>
`;

exports[`Spin[Mode] should render correctly  1`] = `
<div
  style="display: flex; align-items: center; gap: 24px;"
>
  <div
    style="width: 100px;"
  >
    <div
      class="c6so62k c-pu2anh"
    >
      <div
        class="chxenrh"
        style="width: 16px; height: 16px; border-width: 1.6px; font-size: 1.6px;"
      />
      <div
        class="c7ga732"
      >
        <span
          style="font-size: 12px;"
        >
          Loading...
        </span>
      </div>
    </div>
  </div>
  <div
    style="width: 100px;"
  >
    <div
      class="c6so62k c-i771mn"
    >
      <div
        class="chxenrh"
        style="width: 16px; height: 16px; border-width: 1.6px; font-size: 1.6px;"
      />
      <div
        class="c7ga732"
      >
        <span
          style="font-size: 12px;"
        >
          Loading...
        </span>
      </div>
    </div>
  </div>
</div>
`;

exports[`Spin[Tip] should render correctly  1`] = `
<div
  style="width: 200px;"
>
  <div
    class="c6so62k c-pu2anh"
  >
    <div
      class="chxenrh"
      style="width: 24px; height: 24px; border-width: 2.4px; font-size: 2.4px;"
    />
    <div
      class="c7ga732"
    >
      <div
        style="font-size: 14px;"
      >
        This may take a while...
      </div>
    </div>
  </div>
</div>
`;
