// Jest Snapshot v1, https://goo.gl/fbAQLP

exports[`Alert[Base] should render correctly  1`] = `
<div
  class="soui-alert soui-alert-alert soui-alert-info"
>
  <span
    class="soui-alert-icon soui-alert-info-icon"
  >
    <svg
      aria-hidden="true"
      fill="currentColor"
      focusable="false"
      viewBox="0 0 16 16"
    >
      <g
        clip-path="url(#clip0_20849_13152)"
      >
        <path
          clip-rule="evenodd"
          d="M8.00008 15.3333C12.0502 15.3333 15.3334 12.0501 15.3334 7.99999C15.3334 3.9499 12.0502 0.666656 8.00008 0.666656C3.94999 0.666656 0.666748 3.9499 0.666748 7.99999C0.666748 12.0501 3.94999 15.3333 8.00008 15.3333ZM7.62492 13.3366C7.24231 13.3366 6.9382 13.0153 6.95926 12.6332L7.28577 6.70934C7.30525 6.35594 7.59749 6.07937 7.95143 6.07937H8.04956C8.40349 6.07937 8.69574 6.35594 8.71521 6.70934L9.04173 12.6332C9.06278 13.0153 8.75868 13.3366 8.37607 13.3366H7.62492ZM8.8885 4.83196C8.6485 5.05596 8.3445 5.16796 7.9925 5.16796C7.6405 5.16796 7.3525 5.05596 7.1285 4.83196C6.8725 4.60796 6.7605 4.31996 6.7605 3.96796C6.7605 3.61596 6.8725 3.32796 7.1285 3.10396C7.3525 2.87996 7.6405 2.75196 7.9925 2.75196C8.3445 2.75196 8.6325 2.86396 8.8885 3.08796C9.1125 3.31196 9.2405 3.61596 9.2405 3.96796C9.2405 4.31996 9.1125 4.60796 8.8885 4.83196Z"
          fill-rule="evenodd"
        />
      </g>
      <defs>
        <clippath
          id="clip0_20849_13152"
        >
          <rect
            fill="white"
            height="16"
            width="16"
          />
        </clippath>
      </defs>
    </svg>
  </span>
  <div
    class="soui-alert-content"
  >
    <div
      class="soui-alert-text"
    >
      This is a line of important text for alerting purposes
    </div>
  </div>
</div>
`;

exports[`Alert[Base] should render correctly about closeable 1`] = `
<div>
  <div
    class="soui-alert soui-alert-alert soui-alert-info"
  >
    <span
      class="soui-alert-icon soui-alert-info-icon"
    >
      <svg
        aria-hidden="true"
        fill="currentColor"
        focusable="false"
        viewBox="0 0 16 16"
      >
        <g
          clip-path="url(#clip0_20849_13152)"
        >
          <path
            clip-rule="evenodd"
            d="M8.00008 15.3333C12.0502 15.3333 15.3334 12.0501 15.3334 7.99999C15.3334 3.9499 12.0502 0.666656 8.00008 0.666656C3.94999 0.666656 0.666748 3.9499 0.666748 7.99999C0.666748 12.0501 3.94999 15.3333 8.00008 15.3333ZM7.62492 13.3366C7.24231 13.3366 6.9382 13.0153 6.95926 12.6332L7.28577 6.70934C7.30525 6.35594 7.59749 6.07937 7.95143 6.07937H8.04956C8.40349 6.07937 8.69574 6.35594 8.71521 6.70934L9.04173 12.6332C9.06278 13.0153 8.75868 13.3366 8.37607 13.3366H7.62492ZM8.8885 4.83196C8.6485 5.05596 8.3445 5.16796 7.9925 5.16796C7.6405 5.16796 7.3525 5.05596 7.1285 4.83196C6.8725 4.60796 6.7605 4.31996 6.7605 3.96796C6.7605 3.61596 6.8725 3.32796 7.1285 3.10396C7.3525 2.87996 7.6405 2.75196 7.9925 2.75196C8.3445 2.75196 8.6325 2.86396 8.8885 3.08796C9.1125 3.31196 9.2405 3.61596 9.2405 3.96796C9.2405 4.31996 9.1125 4.60796 8.8885 4.83196Z"
            fill-rule="evenodd"
          />
        </g>
        <defs>
          <clippath
            id="clip0_20849_13152"
          >
            <rect
              fill="white"
              height="16"
              width="16"
            />
          </clippath>
        </defs>
      </svg>
    </span>
    <div
      class="soui-alert-content"
    >
      <div
        class="soui-alert-text"
      >
        This is informative text.
      </div>
    </div>
    <div
      class="soui-alert-close-wrapper"
    >
      <div
        class="soui-alert-close"
      >
        <svg
          aria-hidden="true"
          fill="currentColor"
          focusable="false"
          viewBox="0 0 16 16"
        >
          <path
            d="M3.73895 2.81241L3.80175 2.86787L8 7.05665L12.2379 2.81922C12.4983 2.55888 12.9204 2.55888 13.1808 2.81922C13.4211 3.05955 13.4396 3.4377 13.2362 3.69923L13.1808 3.76203L8.94334 7.99998L13.1376 12.1948C13.398 12.4552 13.398 12.8773 13.1376 13.1376C12.8973 13.3779 12.5192 13.3964 12.2576 13.1931L12.1948 13.1376L8 8.94332L3.78745 13.1553C3.5271 13.4156 3.10499 13.4156 2.84464 13.1553C2.60432 12.9149 2.58583 12.5368 2.78918 12.2753L2.84464 12.2124L7.05667 7.99998L2.85894 3.81068C2.59859 3.55033 2.59859 3.12822 2.85894 2.86787C3.09927 2.62755 3.47742 2.60906 3.73895 2.81241Z"
            fill="currentColor"
          />
        </svg>
      </div>
    </div>
  </div>
</div>
`;

exports[`Alert[Base] should render correctly about title 1`] = `
<div
  class="soui-alert soui-alert-alert soui-alert-info soui-alert-width-title"
>
  <span
    class="soui-alert-icon soui-alert-info-icon"
  >
    <svg
      aria-hidden="true"
      fill="currentColor"
      focusable="false"
      viewBox="0 0 16 16"
    >
      <g
        clip-path="url(#clip0_20849_13152)"
      >
        <path
          clip-rule="evenodd"
          d="M8.00008 15.3333C12.0502 15.3333 15.3334 12.0501 15.3334 7.99999C15.3334 3.9499 12.0502 0.666656 8.00008 0.666656C3.94999 0.666656 0.666748 3.9499 0.666748 7.99999C0.666748 12.0501 3.94999 15.3333 8.00008 15.3333ZM7.62492 13.3366C7.24231 13.3366 6.9382 13.0153 6.95926 12.6332L7.28577 6.70934C7.30525 6.35594 7.59749 6.07937 7.95143 6.07937H8.04956C8.40349 6.07937 8.69574 6.35594 8.71521 6.70934L9.04173 12.6332C9.06278 13.0153 8.75868 13.3366 8.37607 13.3366H7.62492ZM8.8885 4.83196C8.6485 5.05596 8.3445 5.16796 7.9925 5.16796C7.6405 5.16796 7.3525 5.05596 7.1285 4.83196C6.8725 4.60796 6.7605 4.31996 6.7605 3.96796C6.7605 3.61596 6.8725 3.32796 7.1285 3.10396C7.3525 2.87996 7.6405 2.75196 7.9925 2.75196C8.3445 2.75196 8.6325 2.86396 8.8885 3.08796C9.1125 3.31196 9.2405 3.61596 9.2405 3.96796C9.2405 4.31996 9.1125 4.60796 8.8885 4.83196Z"
          fill-rule="evenodd"
        />
      </g>
      <defs>
        <clippath
          id="clip0_20849_13152"
        >
          <rect
            fill="white"
            height="16"
            width="16"
          />
        </clippath>
      </defs>
    </svg>
  </span>
  <div
    class="soui-alert-content"
  >
    <div
      class="soui-alert-title"
    >
      Heading
    </div>
    <div
      class="soui-alert-text"
    >
      This is a line of important text for alerting purposes
    </div>
  </div>
  <div
    class="soui-alert-close-wrapper"
  >
    <div
      class="soui-alert-close"
    >
      <svg
        aria-hidden="true"
        fill="currentColor"
        focusable="false"
        viewBox="0 0 16 16"
      >
        <path
          d="M3.73895 2.81241L3.80175 2.86787L8 7.05665L12.2379 2.81922C12.4983 2.55888 12.9204 2.55888 13.1808 2.81922C13.4211 3.05955 13.4396 3.4377 13.2362 3.69923L13.1808 3.76203L8.94334 7.99998L13.1376 12.1948C13.398 12.4552 13.398 12.8773 13.1376 13.1376C12.8973 13.3779 12.5192 13.3964 12.2576 13.1931L12.1948 13.1376L8 8.94332L3.78745 13.1553C3.5271 13.4156 3.10499 13.4156 2.84464 13.1553C2.60432 12.9149 2.58583 12.5368 2.78918 12.2753L2.84464 12.2124L7.05667 7.99998L2.85894 3.81068C2.59859 3.55033 2.59859 3.12822 2.85894 2.86787C3.09927 2.62755 3.47742 2.60906 3.73895 2.81241Z"
          fill="currentColor"
        />
      </svg>
    </div>
  </div>
</div>
`;

exports[`Alert[Base] should render correctly about type 1`] = `
<div
  style="display: flex; flex-wrap: wrap; gap: 24px;"
>
  <div
    class="soui-alert soui-alert-alert soui-alert-info"
    style="width: calc(50% - 16px);"
  >
    <span
      class="soui-alert-icon soui-alert-info-icon"
    >
      <svg
        aria-hidden="true"
        fill="currentColor"
        focusable="false"
        viewBox="0 0 16 16"
      >
        <g
          clip-path="url(#clip0_20849_13152)"
        >
          <path
            clip-rule="evenodd"
            d="M8.00008 15.3333C12.0502 15.3333 15.3334 12.0501 15.3334 7.99999C15.3334 3.9499 12.0502 0.666656 8.00008 0.666656C3.94999 0.666656 0.666748 3.9499 0.666748 7.99999C0.666748 12.0501 3.94999 15.3333 8.00008 15.3333ZM7.62492 13.3366C7.24231 13.3366 6.9382 13.0153 6.95926 12.6332L7.28577 6.70934C7.30525 6.35594 7.59749 6.07937 7.95143 6.07937H8.04956C8.40349 6.07937 8.69574 6.35594 8.71521 6.70934L9.04173 12.6332C9.06278 13.0153 8.75868 13.3366 8.37607 13.3366H7.62492ZM8.8885 4.83196C8.6485 5.05596 8.3445 5.16796 7.9925 5.16796C7.6405 5.16796 7.3525 5.05596 7.1285 4.83196C6.8725 4.60796 6.7605 4.31996 6.7605 3.96796C6.7605 3.61596 6.8725 3.32796 7.1285 3.10396C7.3525 2.87996 7.6405 2.75196 7.9925 2.75196C8.3445 2.75196 8.6325 2.86396 8.8885 3.08796C9.1125 3.31196 9.2405 3.61596 9.2405 3.96796C9.2405 4.31996 9.1125 4.60796 8.8885 4.83196Z"
            fill-rule="evenodd"
          />
        </g>
        <defs>
          <clippath
            id="clip0_20849_13152"
          >
            <rect
              fill="white"
              height="16"
              width="16"
            />
          </clippath>
        </defs>
      </svg>
    </span>
    <div
      class="soui-alert-content"
    >
      <div
        class="soui-alert-text"
      >
        This is informative text.
      </div>
    </div>
  </div>
  <div
    class="soui-alert soui-alert-alert soui-alert-success"
    style="width: calc(50% - 16px);"
  >
    <span
      class="soui-alert-icon soui-alert-success-icon"
    >
      <svg
        aria-hidden="true"
        fill="currentColor"
        focusable="false"
        viewBox="0 0 24 24"
      >
        <path
          d="M12 23C5.92487 23 1 18.0751 1 12C1 5.92487 5.92487 1 12 1C18.0751 1 23 5.92487 23 12C23 18.0751 18.0751 23 12 23ZM6.34315 13.8284L8.46305 15.9483C9.24511 16.7304 10.5122 16.7304 11.2943 15.9483L17.6569 9.58579C18.0472 9.19546 18.0472 8.5619 17.6569 8.17157C17.2665 7.78125 16.633 7.78125 16.2426 8.17157L10.5872 13.827C10.1962 14.218 9.56119 14.218 9.17016 13.827L7.75736 12.4142C7.36704 12.0239 6.73347 12.0239 6.34315 12.4142C5.95282 12.8045 5.95282 13.4381 6.34315 13.8284Z"
        />
      </svg>
    </span>
    <div
      class="soui-alert-content"
    >
      <div
        class="soui-alert-text"
      >
        This is success text.
      </div>
    </div>
  </div>
  <div
    class="soui-alert soui-alert-alert soui-alert-warning"
    style="width: calc(50% - 16px);"
  >
    <span
      class="soui-alert-icon soui-alert-warning-icon"
    >
      <svg
        aria-hidden="true"
        fill="currentColor"
        focusable="false"
        viewBox="0 0 16 16"
        xmlns="http://www.w3.org/2000/svg"
      >
        <g
          clip-path="url(#clip0_20849_13086)"
        >
          <path
            clip-rule="evenodd"
            d="M8.00022 15.3271C12.0469 15.3271 15.3273 12.0466 15.3273 7.99997C15.3273 3.95332 12.0469 0.672852 8.00022 0.672852C3.95356 0.672852 0.673096 3.95332 0.673096 7.99997C0.673096 12.0466 3.95356 15.3271 8.00022 15.3271ZM7.62464 2.75198C7.24203 2.75198 6.93793 3.07331 6.95899 3.45533L7.2855 9.37921C7.30497 9.73261 7.59722 10.0092 7.95115 10.0092H8.04928C8.40322 10.0092 8.69546 9.73261 8.71494 9.37921L9.04145 3.45533C9.06251 3.07331 8.7584 2.75198 8.37579 2.75198H7.62464ZM8.88822 11.2566C8.64822 11.0326 8.34422 10.9206 7.99222 10.9206C7.64022 10.9206 7.35222 11.0326 7.12822 11.2566C6.87222 11.4806 6.76022 11.7686 6.76022 12.1206C6.76022 12.4726 6.87222 12.7606 7.12822 12.9846C7.35222 13.2086 7.64022 13.3366 7.99222 13.3366C8.34422 13.3366 8.63222 13.2246 8.88822 13.0006C9.11222 12.7766 9.24022 12.4726 9.24022 12.1206C9.24022 11.7686 9.11222 11.4806 8.88822 11.2566Z"
            fill-rule="evenodd"
          />
        </g>
        <defs>
          <clippath
            id="clip0_20849_13086"
          >
            <rect
              fill="white"
              height="16"
              width="16"
            />
          </clippath>
        </defs>
      </svg>
    </span>
    <div
      class="soui-alert-content"
    >
      <div
        class="soui-alert-text"
      >
        This is warning text.
      </div>
    </div>
  </div>
  <div
    class="soui-alert soui-alert-alert soui-alert-danger"
    style="width: calc(50% - 16px);"
  >
    <span
      class="soui-alert-icon soui-alert-danger-icon"
    >
      <svg
        aria-hidden="true"
        fill="currentColor"
        focusable="false"
        viewBox="0 0 16 16"
        xmlns="http://www.w3.org/2000/svg"
      >
        <g
          clip-path="url(#clip0_20849_13086)"
        >
          <path
            clip-rule="evenodd"
            d="M8.00022 15.3271C12.0469 15.3271 15.3273 12.0466 15.3273 7.99997C15.3273 3.95332 12.0469 0.672852 8.00022 0.672852C3.95356 0.672852 0.673096 3.95332 0.673096 7.99997C0.673096 12.0466 3.95356 15.3271 8.00022 15.3271ZM7.62464 2.75198C7.24203 2.75198 6.93793 3.07331 6.95899 3.45533L7.2855 9.37921C7.30497 9.73261 7.59722 10.0092 7.95115 10.0092H8.04928C8.40322 10.0092 8.69546 9.73261 8.71494 9.37921L9.04145 3.45533C9.06251 3.07331 8.7584 2.75198 8.37579 2.75198H7.62464ZM8.88822 11.2566C8.64822 11.0326 8.34422 10.9206 7.99222 10.9206C7.64022 10.9206 7.35222 11.0326 7.12822 11.2566C6.87222 11.4806 6.76022 11.7686 6.76022 12.1206C6.76022 12.4726 6.87222 12.7606 7.12822 12.9846C7.35222 13.2086 7.64022 13.3366 7.99222 13.3366C8.34422 13.3366 8.63222 13.2246 8.88822 13.0006C9.11222 12.7766 9.24022 12.4726 9.24022 12.1206C9.24022 11.7686 9.11222 11.4806 8.88822 11.2566Z"
            fill-rule="evenodd"
          />
        </g>
        <defs>
          <clippath
            id="clip0_20849_13086"
          >
            <rect
              fill="white"
              height="16"
              width="16"
            />
          </clippath>
        </defs>
      </svg>
    </span>
    <div
      class="soui-alert-content"
    >
      <div
        class="soui-alert-text"
      >
        This is danger text.
      </div>
    </div>
  </div>
</div>
`;
