// Jest Snapshot v1, https://goo.gl/fbAQLP

exports[`Popover[Base] should render default 1`] = `
<div
  class="c-fva9zr c-c4rpkd"
  data-soui-position="bottom"
  style="position: absolute; z-index: 1060; left: 0px; transform: translateX(-50%); top: 0px;"
>
  <div
    class="ck71mu7"
  />
  <div
    class="c-qioy0h c-3x6x61"
  >
    some Text
  </div>
</div>
`;

exports[`Popover[Snapshot] render snapshot default 1`] = `
<div
  class="c-fva9zr c-c4rpkd"
  data-soui-position="bottom"
  style="position: absolute; z-index: 1060; left: 0px; transform: translateX(-50%); top: 0px;"
>
  <div
    class="ck71mu7"
  />
  <div
    class="c-qioy0h c-3x6x61"
  >
    some Text
  </div>
</div>
`;
