// Jest Snapshot v1, https://goo.gl/fbAQLP

exports[`Modal[SnapShot] should render correctly  1`] = `
<div
  class="soui-modal soui-modal-wrapper soui-modal-wrapper-animation soui-modal-wrapper-show soui-modal-wrapper-is-mask"
>
  <div
    class="soui-modal-mask"
  >
    <div
      class="soui-modal-panel"
      style="top: 10vh; width: 400px;"
    >
      <div
        class="soui-modal-header"
      >
        <span
          class="soui-modal-header-icon soui-alert-icon soui-alert-success-icon"
        >
          <svg
            aria-hidden="true"
            fill="currentColor"
            focusable="false"
            viewBox="0 0 24 24"
          >
            <path
              d="M12 23C5.92487 23 1 18.0751 1 12C1 5.92487 5.92487 1 12 1C18.0751 1 23 5.92487 23 12C23 18.0751 18.0751 23 12 23ZM6.34315 13.8284L8.46305 15.9483C9.24511 16.7304 10.5122 16.7304 11.2943 15.9483L17.6569 9.58579C18.0472 9.19546 18.0472 8.5619 17.6569 8.17157C17.2665 7.78125 16.633 7.78125 16.2426 8.17157L10.5872 13.827C10.1962 14.218 9.56119 14.218 9.17016 13.827L7.75736 12.4142C7.36704 12.0239 6.73347 12.0239 6.34315 12.4142C5.95282 12.8045 5.95282 13.4381 6.34315 13.8284Z"
            />
          </svg>
        </span>
        <div
          class="soui-modal-header-title"
        >
          Modal Title
        </div>
        <div
          class="soui-modal-header-close"
        >
          <svg
            aria-hidden="true"
            fill="currentColor"
            focusable="false"
            viewBox="0 0 16 16"
          >
            <path
              d="M3.73895 2.81241L3.80175 2.86787L8 7.05665L12.2379 2.81922C12.4983 2.55888 12.9204 2.55888 13.1808 2.81922C13.4211 3.05955 13.4396 3.4377 13.2362 3.69923L13.1808 3.76203L8.94334 7.99998L13.1376 12.1948C13.398 12.4552 13.398 12.8773 13.1376 13.1376C12.8973 13.3779 12.5192 13.3964 12.2576 13.1931L12.1948 13.1376L8 8.94332L3.78745 13.1553C3.5271 13.4156 3.10499 13.4156 2.84464 13.1553C2.60432 12.9149 2.58583 12.5368 2.78918 12.2753L2.84464 12.2124L7.05667 7.99998L2.85894 3.81068C2.59859 3.55033 2.59859 3.12822 2.85894 2.86787C3.09927 2.62755 3.47742 2.60906 3.73895 2.81241Z"
              fill="currentColor"
            />
          </svg>
        </div>
      </div>
      <div
        class="soui-modal-body soui-modal-body-with-icon"
      >
        you are visited 1
      </div>
      <div
        class="soui-modal-footer"
      >
        <button
          class="soui-button soui-button-secondary soui-button-button soui-button-outline"
          dir="ltr"
          type="button"
        >
          <span>
            Cancel
          </span>
        </button>
        <button
          class="soui-button soui-button-primary soui-button-button"
          dir="ltr"
          type="button"
        >
          <span>
            Ok
          </span>
        </button>
      </div>
    </div>
  </div>
</div>
`;

exports[`Modal[SnapShot] should render correctly about close 1`] = `
<div
  class="soui-modal soui-modal-wrapper soui-modal-wrapper-animation soui-modal-wrapper-show soui-modal-wrapper-is-mask"
>
  <div
    class="soui-modal-mask"
  >
    <div
      class="soui-modal-panel"
      style="top: 10vh; width: 400px;"
    >
      <div
        class="soui-modal-header"
      >
        <span
          class="soui-modal-header-icon soui-alert-icon soui-alert-success-icon"
        >
          <svg
            aria-hidden="true"
            fill="currentColor"
            focusable="false"
            viewBox="0 0 24 24"
          >
            <path
              d="M12 23C5.92487 23 1 18.0751 1 12C1 5.92487 5.92487 1 12 1C18.0751 1 23 5.92487 23 12C23 18.0751 18.0751 23 12 23ZM6.34315 13.8284L8.46305 15.9483C9.24511 16.7304 10.5122 16.7304 11.2943 15.9483L17.6569 9.58579C18.0472 9.19546 18.0472 8.5619 17.6569 8.17157C17.2665 7.78125 16.633 7.78125 16.2426 8.17157L10.5872 13.827C10.1962 14.218 9.56119 14.218 9.17016 13.827L7.75736 12.4142C7.36704 12.0239 6.73347 12.0239 6.34315 12.4142C5.95282 12.8045 5.95282 13.4381 6.34315 13.8284Z"
            />
          </svg>
        </span>
        <div
          class="soui-modal-header-title"
        >
          Modal Title
        </div>
        <div
          class="soui-modal-header-close"
        >
          <svg
            aria-hidden="true"
            fill="currentColor"
            focusable="false"
            viewBox="0 0 16 16"
          >
            <path
              d="M3.73895 2.81241L3.80175 2.86787L8 7.05665L12.2379 2.81922C12.4983 2.55888 12.9204 2.55888 13.1808 2.81922C13.4211 3.05955 13.4396 3.4377 13.2362 3.69923L13.1808 3.76203L8.94334 7.99998L13.1376 12.1948C13.398 12.4552 13.398 12.8773 13.1376 13.1376C12.8973 13.3779 12.5192 13.3964 12.2576 13.1931L12.1948 13.1376L8 8.94332L3.78745 13.1553C3.5271 13.4156 3.10499 13.4156 2.84464 13.1553C2.60432 12.9149 2.58583 12.5368 2.78918 12.2753L2.84464 12.2124L7.05667 7.99998L2.85894 3.81068C2.59859 3.55033 2.59859 3.12822 2.85894 2.86787C3.09927 2.62755 3.47742 2.60906 3.73895 2.81241Z"
              fill="currentColor"
            />
          </svg>
        </div>
      </div>
      <div
        class="soui-modal-body soui-modal-body-with-icon"
      >
        you are visited 1
      </div>
      <div
        class="soui-modal-footer"
      >
        <button
          class="soui-button soui-button-secondary soui-button-button soui-button-outline"
          dir="ltr"
          type="button"
        >
          <span>
            Cancel
          </span>
        </button>
        <button
          class="soui-button soui-button-primary soui-button-button"
          dir="ltr"
          type="button"
        >
          <span>
            Ok
          </span>
        </button>
      </div>
    </div>
  </div>
</div>
`;

exports[`Modal[SnapShot] should render correctly about confirm 1`] = `
<div
  class="soui-modal soui-modal-wrapper soui-modal-wrapper-animation soui-modal-wrapper-show soui-modal-wrapper-is-mask"
>
  <div
    class="soui-modal-mask"
  >
    <div
      class="soui-modal-panel"
      style="top: 10vh; width: 400px;"
    >
      <div
        class="soui-modal-header"
      >
        <span
          class="soui-modal-header-icon soui-alert-icon soui-alert-success-icon"
        >
          <svg
            aria-hidden="true"
            fill="currentColor"
            focusable="false"
            viewBox="0 0 24 24"
          >
            <path
              d="M12 23C5.92487 23 1 18.0751 1 12C1 5.92487 5.92487 1 12 1C18.0751 1 23 5.92487 23 12C23 18.0751 18.0751 23 12 23ZM6.34315 13.8284L8.46305 15.9483C9.24511 16.7304 10.5122 16.7304 11.2943 15.9483L17.6569 9.58579C18.0472 9.19546 18.0472 8.5619 17.6569 8.17157C17.2665 7.78125 16.633 7.78125 16.2426 8.17157L10.5872 13.827C10.1962 14.218 9.56119 14.218 9.17016 13.827L7.75736 12.4142C7.36704 12.0239 6.73347 12.0239 6.34315 12.4142C5.95282 12.8045 5.95282 13.4381 6.34315 13.8284Z"
            />
          </svg>
        </span>
        <div
          class="soui-modal-header-title"
        >
          Modal Title
        </div>
        <div
          class="soui-modal-header-close"
        >
          <svg
            aria-hidden="true"
            fill="currentColor"
            focusable="false"
            viewBox="0 0 16 16"
          >
            <path
              d="M3.73895 2.81241L3.80175 2.86787L8 7.05665L12.2379 2.81922C12.4983 2.55888 12.9204 2.55888 13.1808 2.81922C13.4211 3.05955 13.4396 3.4377 13.2362 3.69923L13.1808 3.76203L8.94334 7.99998L13.1376 12.1948C13.398 12.4552 13.398 12.8773 13.1376 13.1376C12.8973 13.3779 12.5192 13.3964 12.2576 13.1931L12.1948 13.1376L8 8.94332L3.78745 13.1553C3.5271 13.4156 3.10499 13.4156 2.84464 13.1553C2.60432 12.9149 2.58583 12.5368 2.78918 12.2753L2.84464 12.2124L7.05667 7.99998L2.85894 3.81068C2.59859 3.55033 2.59859 3.12822 2.85894 2.86787C3.09927 2.62755 3.47742 2.60906 3.73895 2.81241Z"
              fill="currentColor"
            />
          </svg>
        </div>
      </div>
      <div
        class="soui-modal-body soui-modal-body-with-icon"
      >
        you are visited 1
      </div>
      <div
        class="soui-modal-footer"
      >
        <button
          class="soui-button soui-button-secondary soui-button-button soui-button-outline"
          dir="ltr"
          type="button"
        >
          <span>
            Cancel
          </span>
        </button>
        <button
          class="soui-button soui-button-primary soui-button-button"
          dir="ltr"
          type="button"
        >
          <span>
            Ok
          </span>
        </button>
      </div>
    </div>
  </div>
</div>
`;

exports[`Modal[SnapShot] should render correctly about container 1`] = `
<div
  class="soui-modal soui-modal-wrapper soui-modal-wrapper-animation soui-modal-wrapper-show soui-modal-wrapper-is-mask"
>
  <div
    class="soui-modal-mask"
  >
    <div
      class="soui-modal-panel"
      style="top: 10vh; width: 400px;"
    >
      <div
        class="soui-modal-header"
      >
        <span
          class="soui-modal-header-icon soui-alert-icon soui-alert-success-icon"
        >
          <svg
            aria-hidden="true"
            fill="currentColor"
            focusable="false"
            viewBox="0 0 24 24"
          >
            <path
              d="M12 23C5.92487 23 1 18.0751 1 12C1 5.92487 5.92487 1 12 1C18.0751 1 23 5.92487 23 12C23 18.0751 18.0751 23 12 23ZM6.34315 13.8284L8.46305 15.9483C9.24511 16.7304 10.5122 16.7304 11.2943 15.9483L17.6569 9.58579C18.0472 9.19546 18.0472 8.5619 17.6569 8.17157C17.2665 7.78125 16.633 7.78125 16.2426 8.17157L10.5872 13.827C10.1962 14.218 9.56119 14.218 9.17016 13.827L7.75736 12.4142C7.36704 12.0239 6.73347 12.0239 6.34315 12.4142C5.95282 12.8045 5.95282 13.4381 6.34315 13.8284Z"
            />
          </svg>
        </span>
        <div
          class="soui-modal-header-title"
        >
          Modal Title
        </div>
        <div
          class="soui-modal-header-close"
        >
          <svg
            aria-hidden="true"
            fill="currentColor"
            focusable="false"
            viewBox="0 0 16 16"
          >
            <path
              d="M3.73895 2.81241L3.80175 2.86787L8 7.05665L12.2379 2.81922C12.4983 2.55888 12.9204 2.55888 13.1808 2.81922C13.4211 3.05955 13.4396 3.4377 13.2362 3.69923L13.1808 3.76203L8.94334 7.99998L13.1376 12.1948C13.398 12.4552 13.398 12.8773 13.1376 13.1376C12.8973 13.3779 12.5192 13.3964 12.2576 13.1931L12.1948 13.1376L8 8.94332L3.78745 13.1553C3.5271 13.4156 3.10499 13.4156 2.84464 13.1553C2.60432 12.9149 2.58583 12.5368 2.78918 12.2753L2.84464 12.2124L7.05667 7.99998L2.85894 3.81068C2.59859 3.55033 2.59859 3.12822 2.85894 2.86787C3.09927 2.62755 3.47742 2.60906 3.73895 2.81241Z"
              fill="currentColor"
            />
          </svg>
        </div>
      </div>
      <div
        class="soui-modal-body soui-modal-body-with-icon"
      >
        you are visited 1
      </div>
      <div
        class="soui-modal-footer"
      >
        <button
          class="soui-button soui-button-secondary soui-button-button soui-button-outline"
          dir="ltr"
          type="button"
        >
          <span>
            Cancel
          </span>
        </button>
        <button
          class="soui-button soui-button-primary soui-button-button"
          dir="ltr"
          type="button"
        >
          <span>
            Ok
          </span>
        </button>
      </div>
    </div>
  </div>
</div>
`;

exports[`Modal[SnapShot] should render correctly about focus 1`] = `
<div
  class="soui-modal soui-modal-wrapper soui-modal-wrapper-animation soui-modal-wrapper-show soui-modal-wrapper-is-mask"
>
  <div
    class="soui-modal-mask"
  >
    <div
      class="soui-modal-panel"
      style="top: 10vh; width: 400px;"
    >
      <div
        class="soui-modal-header"
      >
        <span
          class="soui-modal-header-icon soui-alert-icon soui-alert-success-icon"
        >
          <svg
            aria-hidden="true"
            fill="currentColor"
            focusable="false"
            viewBox="0 0 24 24"
          >
            <path
              d="M12 23C5.92487 23 1 18.0751 1 12C1 5.92487 5.92487 1 12 1C18.0751 1 23 5.92487 23 12C23 18.0751 18.0751 23 12 23ZM6.34315 13.8284L8.46305 15.9483C9.24511 16.7304 10.5122 16.7304 11.2943 15.9483L17.6569 9.58579C18.0472 9.19546 18.0472 8.5619 17.6569 8.17157C17.2665 7.78125 16.633 7.78125 16.2426 8.17157L10.5872 13.827C10.1962 14.218 9.56119 14.218 9.17016 13.827L7.75736 12.4142C7.36704 12.0239 6.73347 12.0239 6.34315 12.4142C5.95282 12.8045 5.95282 13.4381 6.34315 13.8284Z"
            />
          </svg>
        </span>
        <div
          class="soui-modal-header-title"
        >
          Modal Title
        </div>
        <div
          class="soui-modal-header-close"
        >
          <svg
            aria-hidden="true"
            fill="currentColor"
            focusable="false"
            viewBox="0 0 16 16"
          >
            <path
              d="M3.73895 2.81241L3.80175 2.86787L8 7.05665L12.2379 2.81922C12.4983 2.55888 12.9204 2.55888 13.1808 2.81922C13.4211 3.05955 13.4396 3.4377 13.2362 3.69923L13.1808 3.76203L8.94334 7.99998L13.1376 12.1948C13.398 12.4552 13.398 12.8773 13.1376 13.1376C12.8973 13.3779 12.5192 13.3964 12.2576 13.1931L12.1948 13.1376L8 8.94332L3.78745 13.1553C3.5271 13.4156 3.10499 13.4156 2.84464 13.1553C2.60432 12.9149 2.58583 12.5368 2.78918 12.2753L2.84464 12.2124L7.05667 7.99998L2.85894 3.81068C2.59859 3.55033 2.59859 3.12822 2.85894 2.86787C3.09927 2.62755 3.47742 2.60906 3.73895 2.81241Z"
              fill="currentColor"
            />
          </svg>
        </div>
      </div>
      <div
        class="soui-modal-body soui-modal-body-with-icon"
      >
        you are visited 1
      </div>
      <div
        class="soui-modal-footer"
      >
        <button
          class="soui-button soui-button-secondary soui-button-button soui-button-outline"
          dir="ltr"
          type="button"
        >
          <span>
            Cancel
          </span>
        </button>
        <button
          class="soui-button soui-button-primary soui-button-button"
          dir="ltr"
          type="button"
        >
          <span>
            Ok
          </span>
        </button>
      </div>
    </div>
  </div>
</div>
`;

exports[`Modal[SnapShot] should render correctly about form 1`] = `
<div
  class="soui-modal soui-modal-wrapper soui-modal-wrapper-animation soui-modal-wrapper-show soui-modal-wrapper-is-mask"
>
  <div
    class="soui-modal-mask"
  >
    <div
      class="soui-modal-panel"
      style="top: 10vh; width: 400px;"
    >
      <div
        class="soui-modal-header"
      >
        <span
          class="soui-modal-header-icon soui-alert-icon soui-alert-success-icon"
        >
          <svg
            aria-hidden="true"
            fill="currentColor"
            focusable="false"
            viewBox="0 0 24 24"
          >
            <path
              d="M12 23C5.92487 23 1 18.0751 1 12C1 5.92487 5.92487 1 12 1C18.0751 1 23 5.92487 23 12C23 18.0751 18.0751 23 12 23ZM6.34315 13.8284L8.46305 15.9483C9.24511 16.7304 10.5122 16.7304 11.2943 15.9483L17.6569 9.58579C18.0472 9.19546 18.0472 8.5619 17.6569 8.17157C17.2665 7.78125 16.633 7.78125 16.2426 8.17157L10.5872 13.827C10.1962 14.218 9.56119 14.218 9.17016 13.827L7.75736 12.4142C7.36704 12.0239 6.73347 12.0239 6.34315 12.4142C5.95282 12.8045 5.95282 13.4381 6.34315 13.8284Z"
            />
          </svg>
        </span>
        <div
          class="soui-modal-header-title"
        >
          Modal Title
        </div>
        <div
          class="soui-modal-header-close"
        >
          <svg
            aria-hidden="true"
            fill="currentColor"
            focusable="false"
            viewBox="0 0 16 16"
          >
            <path
              d="M3.73895 2.81241L3.80175 2.86787L8 7.05665L12.2379 2.81922C12.4983 2.55888 12.9204 2.55888 13.1808 2.81922C13.4211 3.05955 13.4396 3.4377 13.2362 3.69923L13.1808 3.76203L8.94334 7.99998L13.1376 12.1948C13.398 12.4552 13.398 12.8773 13.1376 13.1376C12.8973 13.3779 12.5192 13.3964 12.2576 13.1931L12.1948 13.1376L8 8.94332L3.78745 13.1553C3.5271 13.4156 3.10499 13.4156 2.84464 13.1553C2.60432 12.9149 2.58583 12.5368 2.78918 12.2753L2.84464 12.2124L7.05667 7.99998L2.85894 3.81068C2.59859 3.55033 2.59859 3.12822 2.85894 2.86787C3.09927 2.62755 3.47742 2.60906 3.73895 2.81241Z"
              fill="currentColor"
            />
          </svg>
        </div>
      </div>
      <div
        class="soui-modal-body soui-modal-body-with-icon"
      >
        you are visited 1
      </div>
      <div
        class="soui-modal-footer"
      >
        <button
          class="soui-button soui-button-secondary soui-button-button soui-button-outline"
          dir="ltr"
          type="button"
        >
          <span>
            Cancel
          </span>
        </button>
        <button
          class="soui-button soui-button-primary soui-button-button"
          dir="ltr"
          type="button"
        >
          <span>
            Ok
          </span>
        </button>
      </div>
    </div>
  </div>
</div>
`;

exports[`Modal[SnapShot] should render correctly about icon 1`] = `
<div
  class="soui-modal soui-modal-wrapper soui-modal-wrapper-animation soui-modal-wrapper-show soui-modal-wrapper-is-mask"
>
  <div
    class="soui-modal-mask"
  >
    <div
      class="soui-modal-panel"
      style="top: 10vh; width: 400px;"
    >
      <div
        class="soui-modal-header"
      >
        <span
          class="soui-modal-header-icon soui-alert-icon soui-alert-success-icon"
        >
          <svg
            aria-hidden="true"
            fill="currentColor"
            focusable="false"
            viewBox="0 0 24 24"
          >
            <path
              d="M12 23C5.92487 23 1 18.0751 1 12C1 5.92487 5.92487 1 12 1C18.0751 1 23 5.92487 23 12C23 18.0751 18.0751 23 12 23ZM6.34315 13.8284L8.46305 15.9483C9.24511 16.7304 10.5122 16.7304 11.2943 15.9483L17.6569 9.58579C18.0472 9.19546 18.0472 8.5619 17.6569 8.17157C17.2665 7.78125 16.633 7.78125 16.2426 8.17157L10.5872 13.827C10.1962 14.218 9.56119 14.218 9.17016 13.827L7.75736 12.4142C7.36704 12.0239 6.73347 12.0239 6.34315 12.4142C5.95282 12.8045 5.95282 13.4381 6.34315 13.8284Z"
            />
          </svg>
        </span>
        <div
          class="soui-modal-header-title"
        >
          Modal Title
        </div>
        <div
          class="soui-modal-header-close"
        >
          <svg
            aria-hidden="true"
            fill="currentColor"
            focusable="false"
            viewBox="0 0 16 16"
          >
            <path
              d="M3.73895 2.81241L3.80175 2.86787L8 7.05665L12.2379 2.81922C12.4983 2.55888 12.9204 2.55888 13.1808 2.81922C13.4211 3.05955 13.4396 3.4377 13.2362 3.69923L13.1808 3.76203L8.94334 7.99998L13.1376 12.1948C13.398 12.4552 13.398 12.8773 13.1376 13.1376C12.8973 13.3779 12.5192 13.3964 12.2576 13.1931L12.1948 13.1376L8 8.94332L3.78745 13.1553C3.5271 13.4156 3.10499 13.4156 2.84464 13.1553C2.60432 12.9149 2.58583 12.5368 2.78918 12.2753L2.84464 12.2124L7.05667 7.99998L2.85894 3.81068C2.59859 3.55033 2.59859 3.12822 2.85894 2.86787C3.09927 2.62755 3.47742 2.60906 3.73895 2.81241Z"
              fill="currentColor"
            />
          </svg>
        </div>
      </div>
      <div
        class="soui-modal-body soui-modal-body-with-icon"
      >
        you are visited 1
      </div>
      <div
        class="soui-modal-footer"
      >
        <button
          class="soui-button soui-button-secondary soui-button-button soui-button-outline"
          dir="ltr"
          type="button"
        >
          <span>
            Cancel
          </span>
        </button>
        <button
          class="soui-button soui-button-primary soui-button-button"
          dir="ltr"
          type="button"
        >
          <span>
            Ok
          </span>
        </button>
      </div>
    </div>
  </div>
</div>
`;

exports[`Modal[SnapShot] should render correctly about move 1`] = `
<div
  class="soui-modal soui-modal-wrapper soui-modal-wrapper-animation soui-modal-wrapper-show soui-modal-wrapper-is-mask"
>
  <div
    class="soui-modal-mask"
  >
    <div
      class="soui-modal-panel"
      style="top: 10vh; width: 400px;"
    >
      <div
        class="soui-modal-header"
      >
        <span
          class="soui-modal-header-icon soui-alert-icon soui-alert-success-icon"
        >
          <svg
            aria-hidden="true"
            fill="currentColor"
            focusable="false"
            viewBox="0 0 24 24"
          >
            <path
              d="M12 23C5.92487 23 1 18.0751 1 12C1 5.92487 5.92487 1 12 1C18.0751 1 23 5.92487 23 12C23 18.0751 18.0751 23 12 23ZM6.34315 13.8284L8.46305 15.9483C9.24511 16.7304 10.5122 16.7304 11.2943 15.9483L17.6569 9.58579C18.0472 9.19546 18.0472 8.5619 17.6569 8.17157C17.2665 7.78125 16.633 7.78125 16.2426 8.17157L10.5872 13.827C10.1962 14.218 9.56119 14.218 9.17016 13.827L7.75736 12.4142C7.36704 12.0239 6.73347 12.0239 6.34315 12.4142C5.95282 12.8045 5.95282 13.4381 6.34315 13.8284Z"
            />
          </svg>
        </span>
        <div
          class="soui-modal-header-title"
        >
          Modal Title
        </div>
        <div
          class="soui-modal-header-close"
        >
          <svg
            aria-hidden="true"
            fill="currentColor"
            focusable="false"
            viewBox="0 0 16 16"
          >
            <path
              d="M3.73895 2.81241L3.80175 2.86787L8 7.05665L12.2379 2.81922C12.4983 2.55888 12.9204 2.55888 13.1808 2.81922C13.4211 3.05955 13.4396 3.4377 13.2362 3.69923L13.1808 3.76203L8.94334 7.99998L13.1376 12.1948C13.398 12.4552 13.398 12.8773 13.1376 13.1376C12.8973 13.3779 12.5192 13.3964 12.2576 13.1931L12.1948 13.1376L8 8.94332L3.78745 13.1553C3.5271 13.4156 3.10499 13.4156 2.84464 13.1553C2.60432 12.9149 2.58583 12.5368 2.78918 12.2753L2.84464 12.2124L7.05667 7.99998L2.85894 3.81068C2.59859 3.55033 2.59859 3.12822 2.85894 2.86787C3.09927 2.62755 3.47742 2.60906 3.73895 2.81241Z"
              fill="currentColor"
            />
          </svg>
        </div>
      </div>
      <div
        class="soui-modal-body soui-modal-body-with-icon"
      >
        you are visited 1
      </div>
      <div
        class="soui-modal-footer"
      >
        <button
          class="soui-button soui-button-secondary soui-button-button soui-button-outline"
          dir="ltr"
          type="button"
        >
          <span>
            Cancel
          </span>
        </button>
        <button
          class="soui-button soui-button-primary soui-button-button"
          dir="ltr"
          type="button"
        >
          <span>
            Ok
          </span>
        </button>
      </div>
    </div>
  </div>
</div>
`;

exports[`Modal[SnapShot] should render correctly about multiple 1`] = `
<div
  class="soui-modal soui-modal-wrapper soui-modal-wrapper-animation soui-modal-wrapper-show soui-modal-wrapper-is-mask"
>
  <div
    class="soui-modal-mask"
  >
    <div
      class="soui-modal-panel"
      style="top: 10vh; width: 400px;"
    >
      <div
        class="soui-modal-header"
      >
        <span
          class="soui-modal-header-icon soui-alert-icon soui-alert-success-icon"
        >
          <svg
            aria-hidden="true"
            fill="currentColor"
            focusable="false"
            viewBox="0 0 24 24"
          >
            <path
              d="M12 23C5.92487 23 1 18.0751 1 12C1 5.92487 5.92487 1 12 1C18.0751 1 23 5.92487 23 12C23 18.0751 18.0751 23 12 23ZM6.34315 13.8284L8.46305 15.9483C9.24511 16.7304 10.5122 16.7304 11.2943 15.9483L17.6569 9.58579C18.0472 9.19546 18.0472 8.5619 17.6569 8.17157C17.2665 7.78125 16.633 7.78125 16.2426 8.17157L10.5872 13.827C10.1962 14.218 9.56119 14.218 9.17016 13.827L7.75736 12.4142C7.36704 12.0239 6.73347 12.0239 6.34315 12.4142C5.95282 12.8045 5.95282 13.4381 6.34315 13.8284Z"
            />
          </svg>
        </span>
        <div
          class="soui-modal-header-title"
        >
          Modal Title
        </div>
        <div
          class="soui-modal-header-close"
        >
          <svg
            aria-hidden="true"
            fill="currentColor"
            focusable="false"
            viewBox="0 0 16 16"
          >
            <path
              d="M3.73895 2.81241L3.80175 2.86787L8 7.05665L12.2379 2.81922C12.4983 2.55888 12.9204 2.55888 13.1808 2.81922C13.4211 3.05955 13.4396 3.4377 13.2362 3.69923L13.1808 3.76203L8.94334 7.99998L13.1376 12.1948C13.398 12.4552 13.398 12.8773 13.1376 13.1376C12.8973 13.3779 12.5192 13.3964 12.2576 13.1931L12.1948 13.1376L8 8.94332L3.78745 13.1553C3.5271 13.4156 3.10499 13.4156 2.84464 13.1553C2.60432 12.9149 2.58583 12.5368 2.78918 12.2753L2.84464 12.2124L7.05667 7.99998L2.85894 3.81068C2.59859 3.55033 2.59859 3.12822 2.85894 2.86787C3.09927 2.62755 3.47742 2.60906 3.73895 2.81241Z"
              fill="currentColor"
            />
          </svg>
        </div>
      </div>
      <div
        class="soui-modal-body soui-modal-body-with-icon"
      >
        you are visited 1
      </div>
      <div
        class="soui-modal-footer"
      >
        <button
          class="soui-button soui-button-secondary soui-button-button soui-button-outline"
          dir="ltr"
          type="button"
        >
          <span>
            Cancel
          </span>
        </button>
        <button
          class="soui-button soui-button-primary soui-button-button"
          dir="ltr"
          type="button"
        >
          <span>
            Ok
          </span>
        </button>
      </div>
    </div>
  </div>
</div>
`;

exports[`Modal[SnapShot] should render correctly about position 1`] = `
<div
  class="soui-modal soui-modal-wrapper soui-modal-wrapper-animation soui-modal-wrapper-show soui-modal-wrapper-is-mask"
>
  <div
    class="soui-modal-mask"
  >
    <div
      class="soui-modal-panel"
      style="top: 10vh; width: 400px;"
    >
      <div
        class="soui-modal-header"
      >
        <span
          class="soui-modal-header-icon soui-alert-icon soui-alert-success-icon"
        >
          <svg
            aria-hidden="true"
            fill="currentColor"
            focusable="false"
            viewBox="0 0 24 24"
          >
            <path
              d="M12 23C5.92487 23 1 18.0751 1 12C1 5.92487 5.92487 1 12 1C18.0751 1 23 5.92487 23 12C23 18.0751 18.0751 23 12 23ZM6.34315 13.8284L8.46305 15.9483C9.24511 16.7304 10.5122 16.7304 11.2943 15.9483L17.6569 9.58579C18.0472 9.19546 18.0472 8.5619 17.6569 8.17157C17.2665 7.78125 16.633 7.78125 16.2426 8.17157L10.5872 13.827C10.1962 14.218 9.56119 14.218 9.17016 13.827L7.75736 12.4142C7.36704 12.0239 6.73347 12.0239 6.34315 12.4142C5.95282 12.8045 5.95282 13.4381 6.34315 13.8284Z"
            />
          </svg>
        </span>
        <div
          class="soui-modal-header-title"
        >
          Modal Title
        </div>
        <div
          class="soui-modal-header-close"
        >
          <svg
            aria-hidden="true"
            fill="currentColor"
            focusable="false"
            viewBox="0 0 16 16"
          >
            <path
              d="M3.73895 2.81241L3.80175 2.86787L8 7.05665L12.2379 2.81922C12.4983 2.55888 12.9204 2.55888 13.1808 2.81922C13.4211 3.05955 13.4396 3.4377 13.2362 3.69923L13.1808 3.76203L8.94334 7.99998L13.1376 12.1948C13.398 12.4552 13.398 12.8773 13.1376 13.1376C12.8973 13.3779 12.5192 13.3964 12.2576 13.1931L12.1948 13.1376L8 8.94332L3.78745 13.1553C3.5271 13.4156 3.10499 13.4156 2.84464 13.1553C2.60432 12.9149 2.58583 12.5368 2.78918 12.2753L2.84464 12.2124L7.05667 7.99998L2.85894 3.81068C2.59859 3.55033 2.59859 3.12822 2.85894 2.86787C3.09927 2.62755 3.47742 2.60906 3.73895 2.81241Z"
              fill="currentColor"
            />
          </svg>
        </div>
      </div>
      <div
        class="soui-modal-body soui-modal-body-with-icon"
      >
        you are visited 1
      </div>
      <div
        class="soui-modal-footer"
      >
        <button
          class="soui-button soui-button-secondary soui-button-button soui-button-outline"
          dir="ltr"
          type="button"
        >
          <span>
            Cancel
          </span>
        </button>
        <button
          class="soui-button soui-button-primary soui-button-button"
          dir="ltr"
          type="button"
        >
          <span>
            Ok
          </span>
        </button>
      </div>
    </div>
  </div>
</div>
`;

exports[`Modal[SnapShot] should render correctly about type 1`] = `
<div
  class="soui-modal soui-modal-wrapper soui-modal-wrapper-animation soui-modal-wrapper-show soui-modal-wrapper-is-mask"
>
  <div
    class="soui-modal-mask"
  >
    <div
      class="soui-modal-panel"
      style="top: 10vh; width: 400px;"
    >
      <div
        class="soui-modal-header"
      >
        <span
          class="soui-modal-header-icon soui-alert-icon soui-alert-success-icon"
        >
          <svg
            aria-hidden="true"
            fill="currentColor"
            focusable="false"
            viewBox="0 0 24 24"
          >
            <path
              d="M12 23C5.92487 23 1 18.0751 1 12C1 5.92487 5.92487 1 12 1C18.0751 1 23 5.92487 23 12C23 18.0751 18.0751 23 12 23ZM6.34315 13.8284L8.46305 15.9483C9.24511 16.7304 10.5122 16.7304 11.2943 15.9483L17.6569 9.58579C18.0472 9.19546 18.0472 8.5619 17.6569 8.17157C17.2665 7.78125 16.633 7.78125 16.2426 8.17157L10.5872 13.827C10.1962 14.218 9.56119 14.218 9.17016 13.827L7.75736 12.4142C7.36704 12.0239 6.73347 12.0239 6.34315 12.4142C5.95282 12.8045 5.95282 13.4381 6.34315 13.8284Z"
            />
          </svg>
        </span>
        <div
          class="soui-modal-header-title"
        >
          Modal Title
        </div>
        <div
          class="soui-modal-header-close"
        >
          <svg
            aria-hidden="true"
            fill="currentColor"
            focusable="false"
            viewBox="0 0 16 16"
          >
            <path
              d="M3.73895 2.81241L3.80175 2.86787L8 7.05665L12.2379 2.81922C12.4983 2.55888 12.9204 2.55888 13.1808 2.81922C13.4211 3.05955 13.4396 3.4377 13.2362 3.69923L13.1808 3.76203L8.94334 7.99998L13.1376 12.1948C13.398 12.4552 13.398 12.8773 13.1376 13.1376C12.8973 13.3779 12.5192 13.3964 12.2576 13.1931L12.1948 13.1376L8 8.94332L3.78745 13.1553C3.5271 13.4156 3.10499 13.4156 2.84464 13.1553C2.60432 12.9149 2.58583 12.5368 2.78918 12.2753L2.84464 12.2124L7.05667 7.99998L2.85894 3.81068C2.59859 3.55033 2.59859 3.12822 2.85894 2.86787C3.09927 2.62755 3.47742 2.60906 3.73895 2.81241Z"
              fill="currentColor"
            />
          </svg>
        </div>
      </div>
      <div
        class="soui-modal-body soui-modal-body-with-icon"
      >
        you are visited 1
      </div>
      <div
        class="soui-modal-footer"
      >
        <button
          class="soui-button soui-button-secondary soui-button-button soui-button-outline"
          dir="ltr"
          type="button"
        >
          <span>
            Cancel
          </span>
        </button>
        <button
          class="soui-button soui-button-primary soui-button-button"
          dir="ltr"
          type="button"
        >
          <span>
            Ok
          </span>
        </button>
      </div>
    </div>
  </div>
</div>
`;

exports[`Modal[SnapShot] should render correctly about zoom 1`] = `
<div
  class="soui-modal soui-modal-wrapper soui-modal-wrapper-animation soui-modal-wrapper-show soui-modal-wrapper-is-mask"
>
  <div
    class="soui-modal-mask"
  >
    <div
      class="soui-modal-panel"
      style="top: 10vh; width: 400px;"
    >
      <div
        class="soui-modal-header"
      >
        <span
          class="soui-modal-header-icon soui-alert-icon soui-alert-success-icon"
        >
          <svg
            aria-hidden="true"
            fill="currentColor"
            focusable="false"
            viewBox="0 0 24 24"
          >
            <path
              d="M12 23C5.92487 23 1 18.0751 1 12C1 5.92487 5.92487 1 12 1C18.0751 1 23 5.92487 23 12C23 18.0751 18.0751 23 12 23ZM6.34315 13.8284L8.46305 15.9483C9.24511 16.7304 10.5122 16.7304 11.2943 15.9483L17.6569 9.58579C18.0472 9.19546 18.0472 8.5619 17.6569 8.17157C17.2665 7.78125 16.633 7.78125 16.2426 8.17157L10.5872 13.827C10.1962 14.218 9.56119 14.218 9.17016 13.827L7.75736 12.4142C7.36704 12.0239 6.73347 12.0239 6.34315 12.4142C5.95282 12.8045 5.95282 13.4381 6.34315 13.8284Z"
            />
          </svg>
        </span>
        <div
          class="soui-modal-header-title"
        >
          Modal Title
        </div>
        <div
          class="soui-modal-header-close"
        >
          <svg
            aria-hidden="true"
            fill="currentColor"
            focusable="false"
            viewBox="0 0 16 16"
          >
            <path
              d="M3.73895 2.81241L3.80175 2.86787L8 7.05665L12.2379 2.81922C12.4983 2.55888 12.9204 2.55888 13.1808 2.81922C13.4211 3.05955 13.4396 3.4377 13.2362 3.69923L13.1808 3.76203L8.94334 7.99998L13.1376 12.1948C13.398 12.4552 13.398 12.8773 13.1376 13.1376C12.8973 13.3779 12.5192 13.3964 12.2576 13.1931L12.1948 13.1376L8 8.94332L3.78745 13.1553C3.5271 13.4156 3.10499 13.4156 2.84464 13.1553C2.60432 12.9149 2.58583 12.5368 2.78918 12.2753L2.84464 12.2124L7.05667 7.99998L2.85894 3.81068C2.59859 3.55033 2.59859 3.12822 2.85894 2.86787C3.09927 2.62755 3.47742 2.60906 3.73895 2.81241Z"
              fill="currentColor"
            />
          </svg>
        </div>
      </div>
      <div
        class="soui-modal-body soui-modal-body-with-icon"
      >
        you are visited 1
      </div>
      <div
        class="soui-modal-footer"
      >
        <button
          class="soui-button soui-button-secondary soui-button-button soui-button-outline"
          dir="ltr"
          type="button"
        >
          <span>
            Cancel
          </span>
        </button>
        <button
          class="soui-button soui-button-primary soui-button-button"
          dir="ltr"
          type="button"
        >
          <span>
            Ok
          </span>
        </button>
      </div>
    </div>
  </div>
</div>
`;
